// Jest Snapshot v1, https://goo.gl/fbAQLP

exports[`ProductTitle Mostrar el componente con el nombre del producto 1`] = `
<div
  className="productCard undefined"
>
  <span
    className="productDescription undefined"
  >
    Coffee mug - No image
  </span>
</div>
`;

exports[`ProductTitle Mostrar el componente correctamente con el t√≠tulo perzonalizado 1`] = `
<span
  className="productDescription custom-class"
>
  Custom Product
</span>
`;
